---
source: tui/src/history_cell.rs
expression: rendered
---
• Ran echo
  │ this_is_a_very_long_si
  │ ngle_token_that_will_w
  │ rap_across_the_availab
  │ le_width
  └ error: first line on
    stderr
    error: second line on
    stderr
