---
source: tui/src/history_cell.rs
expression: rendered
---
• Ran first_token_is_long_en
  │ ough_to_wrap
  │ second_token_is_also_lon
  │ g_enough_to_wrap
